
Time: 1/17/2026, 11:08:14 AM
Platform: win32
CPU: 13th Gen Intel(R) Core(TM) i5-13450HX
Free Memory: 7235117056
Total Memory: 16873545728
--------------------------

Time: 1/17/2026, 11:08:19 AM
Platform: win32
CPU: 13th Gen Intel(R) Core(TM) i5-13450HX
Free Memory: 7189946368
Total Memory: 16873545728
--------------------------

Time: 1/17/2026, 11:08:24 AM
Platform: win32
CPU: 13th Gen Intel(R) Core(TM) i5-13450HX
Free Memory: 7187873792
Total Memory: 16873545728
--------------------------

Time: 1/17/2026, 11:08:29 AM
Platform: win32
CPU: 13th Gen Intel(R) Core(TM) i5-13450HX
Free Memory: 7201566720
Total Memory: 16873545728
--------------------------
